 gdb a.out
GNU gdb (Ubuntu 8.1.1-0ubuntu1) 8.1.1
Copyright (C) 2018 Free Software Foundation, Inc.
License GPLv3+: GNU GPL version 3 or later <http://gnu.org/licenses/gpl.html>
This is free software: you are free to change and redistribute it.
There is NO WARRANTY, to the extent permitted by law.  Type "show copying"
and "show warranty" for details.
This GDB was configured as "x86_64-linux-gnu".
Type "show configuration" for configuration details.
For bug reporting instructions, please see:
<http://www.gnu.org/software/gdb/bugs/>.
Find the GDB manual and other documentation resources online at:
<http://www.gnu.org/software/gdb/documentation/>.
For help, type "help".
Type "apropos word" to search for commands related to "word"...
Reading symbols from a.out...done.
(gdb) b main
Breakpoint 1 at 0x972: file p7final.c, line 36.
(gdb) r
Starting program: /home/runner/Test2Session2/a.out 
warning: Error disabling address space randomization: Operation not permitted

Breakpoint 1, main () at p7final.c:36
36  {
(gdb) n
38    y=input_line();
(gdb) s
input_line () at p7final.c:23
23    l.p1=input_point();
(gdb) n
Enter the point
1 2
24    l.p2=input_point();
(gdb) n
Enter the point
1 4
25    return l;
(gdb) n
26  }
(gdb) n
main () at p7final.c:39
39    find_length(&y);
(gdb) s
find_length (l=0x7ffd1f2c8e80) at p7final.c:29
29    l->distance=sqrt(pow((l->p1.x-l->p2.x),2)+ pow((l->p1.y-l->p2.y),2));
(gdb) n
30  }
(gdb) n
main () at p7final.c:40
40    output(y);
(gdb) s
output (l=...) at p7final.c:33
33    printf("The length of the line is %f",l.distance);
(gdb) n
34  }
(gdb) n
main () at p7final.c:41
41    return 0;
(gdb) n
42  }(gdb) c
Continuing.
The length of the line is 2.000000[Inferior 1 (process 751) exited normally]
(gdb) q